// Jest Snapshot v1, https://goo.gl/fbAQLP

exports[`renders 1`] = `
<FullWidthPane
  className="TransactionProtection"
  mainTitle="main"
  titleIcon={
    Object {
      "background": Object {
        "from": "#3b6cf4",
        "to": "#6050dc",
      },
      "icon": Object {
        "id": "loc",
      },
    }
  }
>
  <Row>
    <Col>
      <Frame
        title="loc"
      >
        <Tabs
          activeKey="open"
          onSelect={[Function]}
          tabs={
            Array [
              Object {
                "key": "open",
                "render": [Function],
                "title": "Open",
              },
              Object {
                "key": "closed",
                "render": [Function],
                "title": "Closed",
              },
              Object {
                "key": "void",
                "render": [Function],
                "title": "Void",
              },
            ]
          }
        />
      </Frame>
    </Col>
  </Row>
  <Row>
    <Col>
      <Frame
        title="request"
      >
        <Tabs
          activeKey="pending"
          onSelect={[Function]}
          tabs={
            Array [
              Object {
                "key": "pending",
                "render": [Function],
                "title": "Pending",
              },
              Object {
                "key": "accepted",
                "render": [Function],
                "title": "Accepted",
              },
              Object {
                "key": "rejected",
                "render": [Function],
                "title": "Rejected",
              },
            ]
          }
        />
      </Frame>
    </Col>
  </Row>
</FullWidthPane>
`;
