// Jest Snapshot v1, https://goo.gl/fbAQLP

exports[`Home renders 1`] = `
<FullWidthPane
  className="LegalOfficerHome"
  mainTitle="Home"
  titleIcon={
    Object {
      "background": Object {
        "from": "#3b6cf4",
        "to": "#6050dc",
      },
      "icon": Object {
        "id": "home",
      },
    }
  }
>
  <Row>
    <Col>
      <Frame
        title="Last operation and balance"
      >
        <Row>
          <Col>
            <Table
              columns={
                Array [
                  Object {
                    "header": "Status",
                    "render": [Function],
                    "width": "100px",
                  },
                  Object {
                    "header": "Transaction date",
                    "render": [Function],
                    "width": "200px",
                  },
                  Object {
                    "header": "Transaction type",
                    "render": [Function],
                  },
                  Object {
                    "align": "right",
                    "header": "Amount",
                    "render": [Function],
                    "width": "120px",
                  },
                  Object {
                    "align": "right",
                    "header": "Paid fees",
                    "render": [Function],
                    "width": "120px",
                  },
                ]
              }
              data={
                Array [
                  Object {
                    "createdOn": "2021-07-28T12:30:00.000",
                    "fees": Object {
                      "inclusion": "125000",
                      "total": "125000",
                    },
                    "from": ValidAccountId {
                      "anyAccountId": AnyAccountId {
                        "address": "vQxHAE33LeJYV69GCB4o4YcCgnDu8y99u5hy2751fRdxjX9kz",
                        "type": "Polkadot",
                      },
                    },
                    "id": "id",
                    "method": "method",
                    "pallet": "pallet",
                    "reserved": "0",
                    "successful": true,
                    "tip": "0",
                    "to": ValidAccountId {
                      "anyAccountId": AnyAccountId {
                        "address": "vQuQm7K3Qt1nQYDzqQzCPQj6b4AQFPZgD5FLnEpBTvCx1rVix",
                        "type": "Polkadot",
                      },
                    },
                    "total": "125420",
                    "transferDirection": "Sent",
                    "transferValue": "420",
                    "type": "EXTRINSIC",
                  },
                ]
              }
              renderEmpty={[Function]}
            />
          </Col>
          <Col>
            <div
              className="reading-container"
            >
              <Reading
                level={0.1}
                readingDecimalPart="00"
                readingIntegerPart="42"
                unit="aLGNT"
              />
              <Button
                onClick={[Function]}
                slim={true}
              >
                <Icon
                  icon={
                    Object {
                      "id": "wallet",
                    }
                  }
                />
                 Go to my wallet
              </Button>
            </div>
          </Col>
        </Row>
      </Frame>
      <Frame
        className="identities"
        title="Last waiting Identity LOC"
      >
        <Button
          className="identities-button"
          onClick={[Function]}
          slim={true}
        >
          <Icon
            icon={
              Object {
                "id": "identity",
              }
            }
          />
           Go to identities
        </Button>
        <Table
          columns={
            Array [
              Object {
                "align": "left",
                "header": "Requester",
                "render": [Function],
              },
              Object {
                "align": "left",
                "header": "Description",
                "render": [Function],
              },
              Object {
                "header": "Status",
                "render": [Function],
                "width": "140px",
              },
              Object {
                "align": "center",
                "header": "Creation date",
                "render": [Function],
                "width": "200px",
              },
              Object {
                "align": "center",
                "header": "Action",
                "render": [Function],
                "width": "200px",
              },
            ]
          }
          data={Array []}
          renderEmpty={[Function]}
        />
      </Frame>
      <Frame
        className="collections"
        title="Last waiting Collection LOCs"
      >
        <Button
          className="collections-button"
          onClick={[Function]}
          slim={true}
        >
          <Icon
            icon={
              Object {
                "id": "loc",
              }
            }
          />
           Go to collections
        </Button>
        <Table
          columns={
            Array [
              Object {
                "align": "left",
                "header": "Requester",
                "render": [Function],
              },
              Object {
                "align": "left",
                "header": "Description",
                "render": [Function],
              },
              Object {
                "header": "Status",
                "render": [Function],
                "width": "140px",
              },
              Object {
                "align": "center",
                "header": "Creation date",
                "render": [Function],
                "width": "200px",
              },
              Object {
                "align": "center",
                "header": "Action",
                "render": [Function],
                "width": "200px",
              },
            ]
          }
          data={Array []}
          renderEmpty={[Function]}
        />
      </Frame>
      <Frame
        className="transactions"
        title="Last waiting Transaction LOC"
      >
        <Button
          className="transactions-button"
          onClick={[Function]}
          slim={true}
        >
          <Icon
            icon={
              Object {
                "id": "loc",
              }
            }
          />
           Go to transactions
        </Button>
        <Table
          columns={
            Array [
              Object {
                "align": "left",
                "header": "Requester",
                "render": [Function],
              },
              Object {
                "align": "left",
                "header": "Description",
                "render": [Function],
              },
              Object {
                "header": "Status",
                "render": [Function],
                "width": "140px",
              },
              Object {
                "align": "center",
                "header": "Creation date",
                "render": [Function],
                "width": "200px",
              },
              Object {
                "align": "center",
                "header": "Action",
                "render": [Function],
                "width": "200px",
              },
            ]
          }
          data={Array []}
          renderEmpty={[Function]}
        />
      </Frame>
      <Frame
        className="withdrawals"
        title="Last waiting vault withdrawals"
      >
        <Button
          className="withdrawals-button"
          onClick={[Function]}
          slim={true}
        >
          <Icon
            icon={
              Object {
                "id": "vault",
              }
            }
          />
           Go to vault withdrawals
        </Button>
        <Table
          columns={
            Array [
              Object {
                "align": "left",
                "header": "User",
                "render": [Function],
                "renderDetails": [Function],
              },
              Object {
                "header": "Type",
                "render": [Function],
                "width": "80px",
              },
              Object {
                "align": "right",
                "header": "Amount",
                "render": [Function],
                "width": "120px",
              },
              Object {
                "header": "Status",
                "render": [Function],
                "width": "150px",
              },
              Object {
                "header": "Creation date",
                "render": [Function],
                "width": "130px",
              },
            ]
          }
          data={Array []}
          renderEmpty={[Function]}
        />
      </Frame>
    </Col>
  </Row>
</FullWidthPane>
`;
