// Jest Snapshot v1, https://goo.gl/fbAQLP

exports[`VTPDashboard renders 1`] = `
<FullWidthPane
  className="VTPDashboard"
  mainTitle="Third Party LOC Management"
  titleIcon={
    Object {
      "background": Object {
        "from": "#3b6cf4",
        "to": "#6050dc",
      },
      "icon": Object {
        "id": "vtp-icon",
      },
    }
  }
>
  <IconTextRow
    icon={
      <Icon
        icon={
          Object {
            "id": "tip",
          }
        }
        width="45px"
      />
    }
    text={
      <p>
        You have been nominated as 
        <strong>
          “Verified Third Party”
        </strong>
         by at least one Logion Legal Officer.
        <br />
        This means that you have the responsibility to contribute either public data and/or confidential documents in Legal Officer Cases (LOC) managed by related Logion Legal Officers.
        <br />
        You understand that the material you provide in such context shall be 
        <strong>
          authentic
        </strong>
         and 
        <strong>
          accurate
        </strong>
        .
        <br />
        With regard to future public data, you confirm that the submitted public data can be publicly exposed, especially under GDPR regulation or any kind of data protection regulation that may apply. Any kind of personal (eg: name, email, phone number, etc.) and/or confidential information shall be strictly excluded from public data under your responsibility. Files will not be public (their hash will).
      </p>
    }
  />
  <Frame
    title="Third party LOC list"
  >
    <Tabs
      activeKey="open"
      onSelect={[Function]}
      tabs={
        Array [
          Object {
            "key": "open",
            "render": [Function],
            "title": "Open",
          },
          Object {
            "key": "closed",
            "render": [Function],
            "title": "History",
          },
        ]
      }
    />
  </Frame>
</FullWidthPane>
`;
