// Jest Snapshot v1, https://goo.gl/fbAQLP

exports[`VTPOpenedLocs renders open VTP LOCS 1`] = `
<div
  className="Table constrained-row-height"
>
  <style>
    
            .Table .body .Row .Col.split-after::before {
                background-color: #152665;
            }
            
  </style>
  <div
    className="header"
    style={
      Object {
        "backgroundColor": "#0c163d",
        "color": "#ffffff",
      }
    }
  >
    <div
      className="Row"
    >
      <div
        className="Col"
        style={
          Object {
            "textAlign": "left",
            "width": "calc(( 100% - 550px ) / 4)",
          }
        }
      >
        Legal Officer
      </div>
      <div
        className="Col"
        style={
          Object {
            "textAlign": "left",
            "width": "calc(( 100% - 550px ) / 4)",
          }
        }
      >
        Requester
      </div>
      <div
        className="Col"
        style={
          Object {
            "textAlign": "left",
            "width": "110px",
          }
        }
      >
        Type
      </div>
      <div
        className="Col"
        style={
          Object {
            "textAlign": "left",
            "width": "calc(( 100% - 550px ) / 4)",
          }
        }
      >
        Description
      </div>
      <div
        className="Col"
        style={
          Object {
            "textAlign": "center",
            "width": "140px",
          }
        }
      >
        Status
      </div>
      <div
        className="Col"
        style={
          Object {
            "textAlign": "left",
            "width": "calc(( 100% - 550px ) / 4)",
          }
        }
      >
        LOC ID
      </div>
      <div
        className="Col"
        style={
          Object {
            "textAlign": "center",
            "width": "140px",
          }
        }
      >
        Creation date
      </div>
      <div
        className="Col"
        style={
          Object {
            "textAlign": "center",
            "width": "160px",
          }
        }
      >
        Action
      </div>
    </div>
  </div>
  <div
    className="body"
  >
    <div>
      <div
        className="Row "
        style={
          Object {
            "color": "#ffffff",
          }
        }
      >
        <div
          className="Col"
          style={
            Object {
              "backgroundColor": "#152665",
              "fontSize": undefined,
              "textAlign": "left",
              "width": "calc(( 100% - 550px ) / 4)",
            }
          }
        >
          <div
            className="regular-cell"
            style={Object {}}
          >
            Patrick Gielen
          </div>
        </div>
        <div
          className="Col"
          style={
            Object {
              "backgroundColor": "#152665",
              "fontSize": undefined,
              "textAlign": "left",
              "width": "calc(( 100% - 550px ) / 4)",
            }
          }
        >
          <div
            className="regular-cell"
            style={Object {}}
          >
            undefined undefined
          </div>
        </div>
        <div
          className="Col"
          style={
            Object {
              "backgroundColor": "#152665",
              "fontSize": undefined,
              "textAlign": "left",
              "width": "110px",
            }
          }
        >
          <div
            className="regular-cell"
            style={Object {}}
          >
            Transaction
          </div>
        </div>
        <div
          className="Col"
          style={
            Object {
              "backgroundColor": "#152665",
              "fontSize": undefined,
              "textAlign": "left",
              "width": "calc(( 100% - 550px ) / 4)",
            }
          }
        >
          <div
            className="regular-cell overflowing"
            style={Object {}}
          >
            <span
              onBlur={[Function]}
              onFocus={[Function]}
              onMouseOut={[Function]}
              onMouseOver={[Function]}
            >
              TRANSACTION description
            </span>
          </div>
        </div>
        <div
          className="Col"
          style={
            Object {
              "backgroundColor": "#152665",
              "fontSize": undefined,
              "textAlign": "center",
              "width": "140px",
            }
          }
        >
          <span
            className="StatusCell"
            style={
              Object {
                "borderColor": "#ff9b3f",
              }
            }
          >
             
            <span
              style={
                Object {
                  "color": "#ff9b3f",
                  "textTransform": undefined,
                }
              }
            >
              Open
            </span>
          </span>
        </div>
        <div
          className="Col"
          style={
            Object {
              "backgroundColor": "#152665",
              "fontSize": undefined,
              "textAlign": "left",
              "width": "calc(( 100% - 550px ) / 4)",
            }
          }
        >
          <div
            className="Row"
          >
            <div
              className="regular-cell overflowing"
              style={Object {}}
            >
              <span
                onBlur={[Function]}
                onFocus={[Function]}
                onMouseOut={[Function]}
                onMouseOver={[Function]}
              >
                132220282317401326589608735112778827114
              </span>
            </div>
            <button
              className="Button CopyPasteButton medium btn btn-primary"
              disabled={false}
              onClick={[Function]}
              style={Object {}}
              type="button"
            >
              <img
                alt="copy_paste"
                src="/assets/copy_paste.svg"
              />
            </button>
          </div>
        </div>
        <div
          className="Col"
          style={
            Object {
              "backgroundColor": "#152665",
              "fontSize": undefined,
              "textAlign": "center",
              "width": "140px",
            }
          }
        >
          <div
            className="date-cell"
          >
            <span
              onBlur={[Function]}
              onFocus={[Function]}
              onMouseOut={[Function]}
              onMouseOver={[Function]}
            >
              Invalid DateTime
              <br />
              Invalid DateTime
            </span>
          </div>
        </div>
        <div
          className="Col"
          style={
            Object {
              "backgroundColor": "#152665",
              "fontSize": undefined,
              "textAlign": "center",
              "width": "160px",
            }
          }
        >
          <div
            className="action-cell"
          >
            <div
              className="ButtonGroup"
            >
              <div
                className="btn-group"
                role="group"
              >
                <button
                  className="Button btn btn-primary"
                  disabled={false}
                  onClick={[Function]}
                  style={Object {}}
                  type="button"
                >
                  Contribute
                </button>
              </div>
            </div>
          </div>
        </div>
      </div>
    </div>
    <div>
      <div
        className="Row "
        style={
          Object {
            "color": "#ffffff",
          }
        }
      >
        <div
          className="Col"
          style={
            Object {
              "backgroundColor": "#152665",
              "fontSize": undefined,
              "textAlign": "left",
              "width": "calc(( 100% - 550px ) / 4)",
            }
          }
        >
          <div
            className="regular-cell"
            style={Object {}}
          >
            Patrick Gielen
          </div>
        </div>
        <div
          className="Col"
          style={
            Object {
              "backgroundColor": "#152665",
              "fontSize": undefined,
              "textAlign": "left",
              "width": "calc(( 100% - 550px ) / 4)",
            }
          }
        >
          <div
            className="regular-cell"
            style={Object {}}
          >
            undefined undefined
          </div>
        </div>
        <div
          className="Col"
          style={
            Object {
              "backgroundColor": "#152665",
              "fontSize": undefined,
              "textAlign": "left",
              "width": "110px",
            }
          }
        >
          <div
            className="regular-cell"
            style={Object {}}
          >
            Collection
          </div>
        </div>
        <div
          className="Col"
          style={
            Object {
              "backgroundColor": "#152665",
              "fontSize": undefined,
              "textAlign": "left",
              "width": "calc(( 100% - 550px ) / 4)",
            }
          }
        >
          <div
            className="regular-cell overflowing"
            style={Object {}}
          >
            <span
              onBlur={[Function]}
              onFocus={[Function]}
              onMouseOut={[Function]}
              onMouseOver={[Function]}
            >
              COLLECTION description
            </span>
          </div>
        </div>
        <div
          className="Col"
          style={
            Object {
              "backgroundColor": "#152665",
              "fontSize": undefined,
              "textAlign": "center",
              "width": "140px",
            }
          }
        >
          <span
            className="StatusCell"
            style={
              Object {
                "borderColor": "#ff9b3f",
              }
            }
          >
             
            <span
              style={
                Object {
                  "color": "#ff9b3f",
                  "textTransform": undefined,
                }
              }
            >
              Open
            </span>
          </span>
        </div>
        <div
          className="Col"
          style={
            Object {
              "backgroundColor": "#152665",
              "fontSize": undefined,
              "textAlign": "left",
              "width": "calc(( 100% - 550px ) / 4)",
            }
          }
        >
          <div
            className="Row"
          >
            <div
              className="regular-cell overflowing"
              style={Object {}}
            >
              <span
                onBlur={[Function]}
                onFocus={[Function]}
                onMouseOut={[Function]}
                onMouseOver={[Function]}
              >
                132220282317401326589608735112778827114
              </span>
            </div>
            <button
              className="Button CopyPasteButton medium btn btn-primary"
              disabled={false}
              onClick={[Function]}
              style={Object {}}
              type="button"
            >
              <img
                alt="copy_paste"
                src="/assets/copy_paste.svg"
              />
            </button>
          </div>
        </div>
        <div
          className="Col"
          style={
            Object {
              "backgroundColor": "#152665",
              "fontSize": undefined,
              "textAlign": "center",
              "width": "140px",
            }
          }
        >
          <div
            className="date-cell"
          >
            <span
              onBlur={[Function]}
              onFocus={[Function]}
              onMouseOut={[Function]}
              onMouseOver={[Function]}
            >
              Invalid DateTime
              <br />
              Invalid DateTime
            </span>
          </div>
        </div>
        <div
          className="Col"
          style={
            Object {
              "backgroundColor": "#152665",
              "fontSize": undefined,
              "textAlign": "center",
              "width": "160px",
            }
          }
        >
          <div
            className="action-cell"
          >
            <div
              className="ButtonGroup"
            >
              <div
                className="btn-group"
                role="group"
              >
                <button
                  className="Button btn btn-primary"
                  disabled={false}
                  onClick={[Function]}
                  style={Object {}}
                  type="button"
                >
                  Contribute
                </button>
              </div>
            </div>
          </div>
        </div>
      </div>
    </div>
  </div>
</div>
`;
