// Jest Snapshot v1, https://goo.gl/fbAQLP

exports[`renders 1`] = `
<Dashboard
  menuBottom={
    Array [
      Object {
        "exact": true,
        "icon": Object {
          "background": Object {
            "from": "#7a90cb",
            "to": "#3b6cf4",
          },
          "icon": Object {
            "id": "settings",
          },
        },
        "id": "settings",
        "onClick": [Function],
        "text": "Settings",
        "to": "/legal-officer/settings",
      },
    ]
  }
  menuMiddle={
    Array [
      Object {
        "disabled": false,
        "exact": true,
        "icon": Object {
          "height": "auto",
          "icon": Object {
            "hasVariants": true,
            "id": "shield",
          },
          "width": "60px",
        },
        "id": "protection",
        "onClick": [Function],
        "text": "Protection Management",
        "to": "/legal-officer/protection",
      },
      Object {
        "disabled": false,
        "exact": true,
        "icon": Object {
          "height": "auto",
          "icon": Object {
            "id": "vault-big",
          },
          "width": "60px",
        },
        "id": "vault",
        "onClick": [Function],
        "text": "Vault-out Requests",
        "to": "/legal-officer/vault",
      },
      Object {
        "disabled": false,
        "exact": true,
        "icon": Object {
          "height": "auto",
          "icon": Object {
            "hasVariants": true,
            "id": "recovery_request",
          },
          "width": "60px",
        },
        "id": "recovery",
        "onClick": [Function],
        "text": "Recovery Requests",
        "to": "/legal-officer/recovery",
      },
    ]
  }
  menuTop={
    Array [
      Object {
        "disabled": false,
        "exact": true,
        "icon": Object {
          "background": Object {
            "from": "#3b6cf4",
            "to": "#6050dc",
          },
          "icon": Object {
            "id": "home",
          },
        },
        "id": "home",
        "onClick": [Function],
        "text": "Home",
        "to": "/legal-officer",
      },
      Object {
        "disabled": false,
        "exact": false,
        "icon": Object {
          "background": Object {
            "from": "#3b6cf4",
            "to": "#6050dc",
          },
          "icon": Object {
            "id": "wallet",
          },
        },
        "id": "wallet",
        "onClick": [Function],
        "text": "Wallet",
        "to": "/legal-officer/wallet",
      },
      Object {
        "disabled": false,
        "exact": false,
        "icon": Object {
          "background": Object {
            "from": "#3b6cf4",
            "to": "#6050dc",
          },
          "icon": Object {
            "id": "collection",
          },
        },
        "id": "loc-collection",
        "onClick": [Function],
        "text": "Collections",
        "to": "/legal-officer/loc/collection",
      },
      Object {
        "disabled": false,
        "exact": false,
        "icon": Object {
          "background": Object {
            "from": "#3b6cf4",
            "to": "#6050dc",
          },
          "icon": Object {
            "id": "loc",
          },
        },
        "id": "loc-transaction",
        "onClick": [Function],
        "text": "Transactions",
        "to": "/legal-officer/loc/transaction",
      },
      Object {
        "disabled": false,
        "exact": false,
        "icon": Object {
          "background": Object {
            "from": "#3b6cf4",
            "to": "#6050dc",
          },
          "icon": Object {
            "id": "identity",
          },
        },
        "id": "identity",
        "onClick": [Function],
        "text": "Identities",
        "to": "/legal-officer/loc/identity",
      },
    ]
  }
>
  <LegalOfficerRouter />
  <WarningDialog
    actions={
      Array [
        Object {
          "buttonText": "I will do it later",
          "buttonVariant": "secondary",
          "callback": [Function],
          "id": "discard",
        },
        Object {
          "buttonText": "Go to my settings",
          "buttonVariant": "primary",
          "callback": [Function],
          "id": "settings",
        },
      ]
    }
    show={false}
    size="lg"
  >
    <p>
      Dear logion legal officer,
      <br />
      Some of your mandatory settings are not filled-in. Please do so as soon as possible.
    </p>
  </WarningDialog>
</Dashboard>
`;
