// Jest Snapshot v1, https://goo.gl/fbAQLP

exports[`renders 1`] = `
<Routes>
  <Route
    element={<ProtectionRequests />}
    path="/protection"
  />
  <Route
    element={<VaultOutRequests />}
    path="/vault"
  />
  <Route
    element={<RecoveryRequests />}
    path="/recovery"
  />
  <Route
    element={<RecoveryDetails />}
    path="/recovery-details/:requestId"
  />
  <Route
    element={
      <Settings
        missingSettings={false}
        showContactInformation={true}
      />
    }
    path="/settings"
  />
  <Route
    element={
      <Wallet
        address="5GrwvaEF5zXb26Fz9rcQpDWS57CtERHpNehXCPcNoHGKutQY"
        balances={Array []}
        settingsPath="/legal-officer/settings"
        transactions={Array []}
        transactionsPath={[Function]}
      />
    }
    path="/wallet"
  />
  <Route
    element={
      <Transactions
        address="5GrwvaEF5zXb26Fz9rcQpDWS57CtERHpNehXCPcNoHGKutQY"
        backPath="/legal-officer/wallet"
        balances={Array []}
        transactions={Array []}
        type="Wallet"
      />
    }
    path="/wallet/transactions/:coinId"
  />
  <Route
    element={
      <TransactionProtection
        iconId="loc"
        locType="Transaction"
        titles={
          Object {
            "loc": "Transaction Protection Case(s)",
            "main": "Transaction Case Management",
            "request": "Transaction Protection Case Request(s)",
          }
        }
      />
    }
    path="/loc/transaction"
  />
  <Route
    element={
      <TransactionProtection
        iconId="collection"
        locType="Collection"
        titles={
          Object {
            "loc": "Collection Protection Case(s)",
            "main": "Collection Protection Management",
            "request": "Collection Protection Request(s)",
          }
        }
      />
    }
    path="/loc/collection"
  />
  <Route
    element={
      <LocDetails
        backPath="/legal-officer/loc/transaction"
        detailsPath={[Function]}
      />
    }
    path="/loc/transaction/:locId"
  />
  <Route
    element={
      <LocDetails
        backPath="/legal-officer/loc/collection"
        detailsPath={[Function]}
      />
    }
    path="/loc/collection/:locId"
  />
  <Route
    element={
      <DashboardCertiticateRouter
        detailsPath={[Function]}
        locType="Collection"
        viewer="LegalOfficer"
      />
    }
    path="/loc/collection/:locId/certificate/:itemId"
  />
  <Route
    element={<IdentityProtection />}
    path="/loc/identity"
  />
  <Route
    element={
      <LocDetails
        backPath="/legal-officer/loc/identity"
        detailsPath={[Function]}
      />
    }
    path="/loc/identity/:locId"
  />
  <Route
    element={
      <VTPSelection
        backPath={[Function]}
        detailsPath={[Function]}
      />
    }
    path="/loc/transaction/:locId/vtp"
  />
  <Route
    element={
      <VTPSelection
        backPath={[Function]}
        detailsPath={[Function]}
      />
    }
    path="/loc/collection/:locId/vtp"
  />
  <Route
    element={
      <VTPSelection
        backPath={[Function]}
        detailsPath={[Function]}
      />
    }
    path="/loc/identity/:locId/vtp"
  />
  <Route
    element={<Votes />}
    path="/votes"
  />
  <Route
    element={
      <VoterLocDetails
        backPath="/legal-officer/votes"
        detailsPath={[Function]}
      />
    }
    path="/votes/loc/:locId"
  />
  <Route
    element={<GuardianDocumentClaimHistory />}
    path="/loc/:locType/:locId/claims/:hash"
  />
  <Route
    element={<LegalOfficerTokensRecordPane />}
    path="/loc/:locType/:locId/records"
  />
  <Route
    element={
      <VTPSelection
        backPath={[Function]}
        detailsPath={[Function]}
      />
    }
    path="/loc/:locType/:locId/records/vtp"
  />
  <Route
    element={<LegalOfficerTokensRecordDocumentClaimHistory />}
    path="/loc/:locType/:locId/records/:recordId/claims/:hash"
  />
  <Route
    element={<Account />}
    path=""
  />
</Routes>
`;
