// Jest Snapshot v1, https://goo.gl/fbAQLP

exports[`renders 2 rows 1`] = `
<Table
  columns={
    Array [
      Object {
        "align": "left",
        "header": "User",
        "render": [Function],
        "renderDetails": [Function],
        "width": "55%",
      },
      Object {
        "align": "left",
        "header": "Other Legal Officer",
        "render": [Function],
        "width": "45%",
      },
      Object {
        "align": "center",
        "header": "Action",
        "render": [Function],
        "width": "200px",
      },
    ]
  }
  data={
    Array [
      Object {
        "addressToRecover": null,
        "createdOn": "2021-06-10T13:48:00.000Z",
        "decision": Object {
          "decisionOn": "2021-06-10T13:48:00.000Z",
          "rejectReason": null,
        },
        "id": "request1",
        "isRecovery": false,
        "legalOfficerAddress": "5GrwvaEF5zXb26Fz9rcQpDWS57CtERHpNehXCPcNoHGKutQY",
        "otherLegalOfficerAddress": "5FHneW46xGXgs5mUiveU4sbTyGBzmstUspZC92UhjJM694ty",
        "requesterAddress": "5H4MvAsobfZ6bBCDyj5dsrWYLrA8HrRzaqa9p61UXtxMhSCY",
        "requesterIdentityLoc": "86f8884c-79fa-4d80-ba79-b7e3aa4728a7",
        "status": "ACTIVATED",
        "userIdentity": Object {
          "email": "john.doe@logion.network",
          "firstName": "John",
          "lastName": "Doe",
          "phoneNumber": "+1234",
        },
        "userPostalAddress": Object {
          "city": "Liège",
          "country": "Belgium",
          "line1": "Place de le République Française, 10",
          "line2": "boite 15",
          "postalCode": "4000",
        },
      },
      Object {
        "addressToRecover": null,
        "createdOn": "2021-06-10T13:48:00.000Z",
        "decision": Object {
          "decisionOn": "2021-06-10T13:48:00.000Z",
          "rejectReason": null,
        },
        "id": "request3",
        "isRecovery": false,
        "legalOfficerAddress": "5GrwvaEF5zXb26Fz9rcQpDWS57CtERHpNehXCPcNoHGKutQY",
        "otherLegalOfficerAddress": "5FHneW46xGXgs5mUiveU4sbTyGBzmstUspZC92UhjJM694ty",
        "requesterAddress": "5H4MvAsobfZ6bBCDyj5dsrWYLrA8HrRzaqa9p61UXtxMhSCY",
        "requesterIdentityLoc": "86f8884c-79fa-4d80-ba79-b7e3aa4728a7",
        "status": "ACTIVATED",
        "userIdentity": Object {
          "email": "john.doe@logion.network",
          "firstName": "John",
          "lastName": "Doe",
          "phoneNumber": "+1234",
        },
        "userPostalAddress": Object {
          "city": "Liège",
          "country": "Belgium",
          "line1": "Place de le République Française, 10",
          "line2": "boite 15",
          "postalCode": "4000",
        },
      },
    ]
  }
  renderEmpty={[Function]}
/>
`;

exports[`renders one row 1`] = `
<Table
  columns={
    Array [
      Object {
        "align": "left",
        "header": "User",
        "render": [Function],
        "renderDetails": [Function],
        "width": "55%",
      },
      Object {
        "align": "left",
        "header": "Other Legal Officer",
        "render": [Function],
        "width": "45%",
      },
      Object {
        "align": "center",
        "header": "Action",
        "render": [Function],
        "width": "200px",
      },
    ]
  }
  data={
    Array [
      Object {
        "addressToRecover": null,
        "createdOn": "2021-06-10T13:48:00.000Z",
        "decision": Object {
          "decisionOn": "2021-06-10T13:48:00.000Z",
          "rejectReason": null,
        },
        "id": "request1",
        "isRecovery": false,
        "legalOfficerAddress": "5GrwvaEF5zXb26Fz9rcQpDWS57CtERHpNehXCPcNoHGKutQY",
        "otherLegalOfficerAddress": "5FHneW46xGXgs5mUiveU4sbTyGBzmstUspZC92UhjJM694ty",
        "requesterAddress": "5H4MvAsobfZ6bBCDyj5dsrWYLrA8HrRzaqa9p61UXtxMhSCY",
        "requesterIdentityLoc": "86f8884c-79fa-4d80-ba79-b7e3aa4728a7",
        "status": "ACTIVATED",
        "userIdentity": Object {
          "email": "john.doe@logion.network",
          "firstName": "John",
          "lastName": "Doe",
          "phoneNumber": "+1234",
        },
        "userPostalAddress": Object {
          "city": "Liège",
          "country": "Belgium",
          "line1": "Place de le République Française, 10",
          "line2": "boite 15",
          "postalCode": "4000",
        },
      },
    ]
  }
  renderEmpty={[Function]}
/>
`;
