// Jest Snapshot v1, https://goo.gl/fbAQLP

exports[`renders 1`] = `
<div
  className="AccountAddress"
>
  <div
    className="icon"
    style={
      Object {
        "backgroundColor": "#3b6cf4",
      }
    }
  >
    <Icon
      icon={
        Object {
          "id": "polkadot-account",
        }
      }
      width="40px"
    />
  </div>
  <div
    className="text"
    style={
      Object {
        "justifyContent": "space-between",
      }
    }
  >
    <div
      className="name"
      style={
        Object {
          "color": "#ffffff",
        }
      }
    >
      Name 1
    </div>
    <div
      className="address"
      style={
        Object {
          "color": "#ffffff",
        }
      }
    >
      <OverlayTrigger
        defaultShow={false}
        delay={500}
        overlay={
          <Tooltip
            id="tooltip-Polkadot:address1"
            placement="right"
          >
            address1
          </Tooltip>
        }
        placement="bottom"
        trigger={
          Array [
            "hover",
            "focus",
          ]
        }
      >
        <span>
          address1
        </span>
      </OverlayTrigger>
    </div>
    <div
      className="balance"
      style={
        Object {
          "color": "#ffffff",
        }
      }
    >
      <React.Fragment>
        <InlineAmount
          amount={
            PrefixedNumber {
              "_prefix": Object {
                "symbol": "",
                "tenExponent": 0,
              },
              "_scientificNumber": ScientificNumber {
                "_normalized": NormalizedNumber {
                  "_decimalPart": "",
                  "_integerPart": "2",
                  "_negative": false,
                  "_normalized": "2.",
                },
                "_tenExponent": 0,
              },
            }
          }
          coin={
            Object {
              "id": "lgnt",
              "symbol": "LGNT",
            }
          }
        />
         
      </React.Fragment>
    </div>
  </div>
</div>
`;
