// Jest Snapshot v1, https://goo.gl/fbAQLP

exports[`CollectionLocItemChecker renders 1`] = `
Object {
  "asFragment": [Function],
  "baseElement": <body>
    <div>
      <div
        class="Frame PolkadotFrame CollectionLocItemChecker"
        style="background-color: rgb(255, 255, 255); color: rgb(0, 0, 0); box-shadow: 0 0 25px #3b6cf41a; border: 2px solid #e6007a;"
      >
        <div
          class="IconTextRow"
        >
          <div
            class="icon"
          >
            <img
              alt="polkadot_collection"
              src="/assets/polkadot_collection.svg"
              width="45px"
            />
          </div>
          <div
            class="text"
          >
            <p
              class="text-title"
            >
              Collection Item(s) recorded within this LOC: 
              0
            </p>
            <p>
              All Collection Items created within this LOC - using the logion import tool and/or through the logion API by an external application - are governed by the public data and confidential documents recorded above.
            </p>
            <p>
              To check if a Collection Item is covered by this Collection LOC and get its online public certificate, just submit the related Collection Item ID in the input field below:
            </p>
            <div
              class="FormGroup"
              style="background-color: rgb(255, 255, 255);"
            >
              <style>
                
    .FormGroup .form-control,
    .FormGroup .form-control[readonly],
    .FormGroup .input-group .btn-primary {
        color: #000000;
    }
    
              </style>
              <div
                data-testid="itemIdGroup"
              >
                <div
                  class="Row"
                >
                  <div
                    class="Col"
                  >
                    <input
                      class="item-id-input form-control"
                      data-testid="item-id"
                      id="itemId"
                      type="text"
                      value=""
                    />
                  </div>
                  <div
                    class="Col buttons"
                  >
                    <button
                      class="Button btn btn-primary"
                      disabled=""
                      type="button"
                    >
                      <img
                        alt="search"
                        src="/assets/search.svg"
                      />
                       Check Item ID
                    </button>
                  </div>
                </div>
              </div>
            </div>
            <div
              class="Row CheckResultFeedback result-none"
              id="feedback-NONE"
            />
          </div>
        </div>
        <div
          class="PagedTable"
        >
          <div
            class="controls"
          >
            <span
              class="numbers"
            >
              1
              -
              0
               of 
              0
            </span>
            <span
              class="control left light disabled"
            >
              <img
                alt="left"
                height="10px"
                src="/assets/themes/light/left.svg"
              />
            </span>
            <span
              class="control right light disabled"
            >
              <img
                alt="right"
                height="10px"
                src="/assets/themes/light/right.svg"
              />
            </span>
          </div>
          <div
            class="Table"
          >
            <style>
              
            .Table .body .Row .Col.split-after::before {
                background-color: #152665;
            }
            
            </style>
            <div
              class="header"
              style="color: rgb(255, 255, 255); background-color: rgb(12, 22, 61);"
            >
              <div
                class="Row"
              >
                <div
                  class="Col"
                  style="text-align: left;"
                >
                  Collection Item ID
                </div>
                <div
                  class="Col"
                  style="text-align: left;"
                >
                  Description
                </div>
                <div
                  class="Col"
                  style="width: 200px; text-align: center;"
                >
                  Timestamp
                </div>
                <div
                  class="Col"
                  style="width: 160px; text-align: center;"
                >
                  Certificate
                </div>
                <div
                  class="Col"
                  style="width: 100px; text-align: center;"
                />
              </div>
            </div>
            <div
              class="body"
            >
              <div
                class="Row empty-data"
                style="color: rgb(255, 255, 255); background-color: rgb(21, 38, 101);"
              >
                <div
                  class="empty-message"
                >
                  No page to display
                </div>
              </div>
            </div>
          </div>
          <div
            class="controls"
          >
            <span
              class="numbers"
            >
              1
              -
              0
               of 
              0
            </span>
            <span
              class="control left light disabled"
            >
              <img
                alt="left"
                height="10px"
                src="/assets/themes/light/left.svg"
              />
            </span>
            <span
              class="control right light disabled"
            >
              <img
                alt="right"
                height="10px"
                src="/assets/themes/light/right.svg"
              />
            </span>
          </div>
        </div>
      </div>
    </div>
  </body>,
  "container": <div>
    <div
      class="Frame PolkadotFrame CollectionLocItemChecker"
      style="background-color: rgb(255, 255, 255); color: rgb(0, 0, 0); box-shadow: 0 0 25px #3b6cf41a; border: 2px solid #e6007a;"
    >
      <div
        class="IconTextRow"
      >
        <div
          class="icon"
        >
          <img
            alt="polkadot_collection"
            src="/assets/polkadot_collection.svg"
            width="45px"
          />
        </div>
        <div
          class="text"
        >
          <p
            class="text-title"
          >
            Collection Item(s) recorded within this LOC: 
            0
          </p>
          <p>
            All Collection Items created within this LOC - using the logion import tool and/or through the logion API by an external application - are governed by the public data and confidential documents recorded above.
          </p>
          <p>
            To check if a Collection Item is covered by this Collection LOC and get its online public certificate, just submit the related Collection Item ID in the input field below:
          </p>
          <div
            class="FormGroup"
            style="background-color: rgb(255, 255, 255);"
          >
            <style>
              
    .FormGroup .form-control,
    .FormGroup .form-control[readonly],
    .FormGroup .input-group .btn-primary {
        color: #000000;
    }
    
            </style>
            <div
              data-testid="itemIdGroup"
            >
              <div
                class="Row"
              >
                <div
                  class="Col"
                >
                  <input
                    class="item-id-input form-control"
                    data-testid="item-id"
                    id="itemId"
                    type="text"
                    value=""
                  />
                </div>
                <div
                  class="Col buttons"
                >
                  <button
                    class="Button btn btn-primary"
                    disabled=""
                    type="button"
                  >
                    <img
                      alt="search"
                      src="/assets/search.svg"
                    />
                     Check Item ID
                  </button>
                </div>
              </div>
            </div>
          </div>
          <div
            class="Row CheckResultFeedback result-none"
            id="feedback-NONE"
          />
        </div>
      </div>
      <div
        class="PagedTable"
      >
        <div
          class="controls"
        >
          <span
            class="numbers"
          >
            1
            -
            0
             of 
            0
          </span>
          <span
            class="control left light disabled"
          >
            <img
              alt="left"
              height="10px"
              src="/assets/themes/light/left.svg"
            />
          </span>
          <span
            class="control right light disabled"
          >
            <img
              alt="right"
              height="10px"
              src="/assets/themes/light/right.svg"
            />
          </span>
        </div>
        <div
          class="Table"
        >
          <style>
            
            .Table .body .Row .Col.split-after::before {
                background-color: #152665;
            }
            
          </style>
          <div
            class="header"
            style="color: rgb(255, 255, 255); background-color: rgb(12, 22, 61);"
          >
            <div
              class="Row"
            >
              <div
                class="Col"
                style="text-align: left;"
              >
                Collection Item ID
              </div>
              <div
                class="Col"
                style="text-align: left;"
              >
                Description
              </div>
              <div
                class="Col"
                style="width: 200px; text-align: center;"
              >
                Timestamp
              </div>
              <div
                class="Col"
                style="width: 160px; text-align: center;"
              >
                Certificate
              </div>
              <div
                class="Col"
                style="width: 100px; text-align: center;"
              />
            </div>
          </div>
          <div
            class="body"
          >
            <div
              class="Row empty-data"
              style="color: rgb(255, 255, 255); background-color: rgb(21, 38, 101);"
            >
              <div
                class="empty-message"
              >
                No page to display
              </div>
            </div>
          </div>
        </div>
        <div
          class="controls"
        >
          <span
            class="numbers"
          >
            1
            -
            0
             of 
            0
          </span>
          <span
            class="control left light disabled"
          >
            <img
              alt="left"
              height="10px"
              src="/assets/themes/light/left.svg"
            />
          </span>
          <span
            class="control right light disabled"
          >
            <img
              alt="right"
              height="10px"
              src="/assets/themes/light/right.svg"
            />
          </span>
        </div>
      </div>
    </div>
  </div>,
  "debug": [Function],
  "findAllByAltText": [Function],
  "findAllByDisplayValue": [Function],
  "findAllByLabelText": [Function],
  "findAllByPlaceholderText": [Function],
  "findAllByRole": [Function],
  "findAllByTestId": [Function],
  "findAllByText": [Function],
  "findAllByTitle": [Function],
  "findByAltText": [Function],
  "findByDisplayValue": [Function],
  "findByLabelText": [Function],
  "findByPlaceholderText": [Function],
  "findByRole": [Function],
  "findByTestId": [Function],
  "findByText": [Function],
  "findByTitle": [Function],
  "getAllByAltText": [Function],
  "getAllByDisplayValue": [Function],
  "getAllByLabelText": [Function],
  "getAllByPlaceholderText": [Function],
  "getAllByRole": [Function],
  "getAllByTestId": [Function],
  "getAllByText": [Function],
  "getAllByTitle": [Function],
  "getByAltText": [Function],
  "getByDisplayValue": [Function],
  "getByLabelText": [Function],
  "getByPlaceholderText": [Function],
  "getByRole": [Function],
  "getByTestId": [Function],
  "getByText": [Function],
  "getByTitle": [Function],
  "queryAllByAltText": [Function],
  "queryAllByDisplayValue": [Function],
  "queryAllByLabelText": [Function],
  "queryAllByPlaceholderText": [Function],
  "queryAllByRole": [Function],
  "queryAllByTestId": [Function],
  "queryAllByText": [Function],
  "queryAllByTitle": [Function],
  "queryByAltText": [Function],
  "queryByDisplayValue": [Function],
  "queryByLabelText": [Function],
  "queryByPlaceholderText": [Function],
  "queryByRole": [Function],
  "queryByTestId": [Function],
  "queryByText": [Function],
  "queryByTitle": [Function],
  "rerender": [Function],
  "unmount": [Function],
}
`;
