// Jest Snapshot v1, https://goo.gl/fbAQLP

exports[`DashboardCertificate renders empty 1`] = `null`;

exports[`DashboardCertificate renders item 1`] = `
<LocPane
  className="DashboardCertificate"
  loc={
    Object {
      "id": UUID {
        "bytes": Uint8Array [
          174,
          212,
          198,
          228,
          151,
          158,
          72,
          173,
          190,
          110,
          75,
          211,
          159,
          185,
          71,
          98,
        ],
      },
      "locType": "Identity",
      "requesterAddress": Object {
        "address": "5Ew3MyB15VprZrjQVkpQFj8okmc9xLDSEdNhqMMS5cXsqxoW",
        "equals": [Function],
        "toKey": [Function],
        "type": "Polkadot",
      },
      "userIdentity": Object {
        "email": "john.doe@logion.network",
        "firstName": "John",
        "lastName": "Doe",
        "phoneNumber": "+1234",
      },
    }
  }
>
  <PolkadotFrame
    title={
      <FrameTitle
        iconId="polkadot_collection"
        text="Collection Item recorded data"
      />
    }
  >
    <CertificateItemDetails
      item={
        Object {
          "files": Array [],
          "id": Hash {
            "_bytes": Uint8Array [
              154,
              174,
              187,
              189,
              63,
              143,
              230,
              81,
              184,
              126,
              131,
              99,
              4,
              85,
              167,
              10,
              67,
              150,
              76,
              105,
              145,
              7,
              123,
              180,
              80,
              191,
              26,
              62,
              210,
              210,
              92,
              204,
            ],
          },
        }
      }
    />
  </PolkadotFrame>
  <div
    className="frame-container"
  >
    <Frame
      border="2px solid #3B6CF4"
      title={
        <FrameTitle
          text="Statement of Facts"
        />
      }
    >
      <StatementOfFactsRequestButton
        itemId={
          Hash {
            "_bytes": Uint8Array [
              154,
              174,
              187,
              189,
              63,
              143,
              230,
              81,
              184,
              126,
              131,
              99,
              4,
              85,
              167,
              10,
              67,
              150,
              76,
              105,
              145,
              7,
              123,
              180,
              80,
              191,
              26,
              62,
              210,
              210,
              92,
              204,
            ],
          }
        }
      />
    </Frame>
  </div>
</LocPane>
`;
