// Jest Snapshot v1, https://goo.gl/fbAQLP

exports[`LocPublishPublicDataButton renders 1`] = `
<LocPublishButton
  feesEstimator={[Function]}
  itemType="Public Data"
  locItem={
    MetadataItem {
      "_data": Object {
        "name": HashString {
          "hash": Hash {
            "_bytes": Uint8Array [
              41,
              226,
              51,
              143,
              138,
              156,
              180,
              226,
              73,
              80,
              118,
              113,
              116,
              19,
              27,
              150,
              120,
              98,
              225,
              28,
              85,
              144,
              91,
              143,
              175,
              45,
              157,
              82,
              182,
              142,
              164,
              44,
            ],
          },
          "value": "data-name",
        },
        "value": HashString {
          "hash": Hash {
            "_bytes": Uint8Array [
              24,
              214,
              156,
              3,
              103,
              18,
              141,
              3,
              68,
              107,
              41,
              95,
              132,
              88,
              192,
              205,
              243,
              149,
              181,
              41,
              151,
              107,
              139,
              181,
              220,
              39,
              32,
              37,
              202,
              142,
              205,
              27,
            ],
          },
          "value": "data-value",
        },
      },
      "commonData": Object {
        "newItem": false,
        "status": "DRAFT",
        "submitter": Object {
          "address": "data-submitter",
          "equals": [Function],
          "toKey": [Function],
          "type": "Polkadot",
        },
        "template": false,
        "timestamp": null,
        "type": "Data",
      },
    }
  }
  publishMutator={[Function]}
/>
`;
