// Jest Snapshot v1, https://goo.gl/fbAQLP

exports[`CreativeCommonsIcon renders 1`] = `
<NewTabLink
  className="CreativeCommonsIcon"
  href="https://creativecommons.org/licenses/by-nc/4.0/deed.en"
>
  <img
    alt="BY-NC"
    src="by_nc.eu.svg"
  />
</NewTabLink>
`;
