// Jest Snapshot v1, https://goo.gl/fbAQLP

exports[`RenderOrRedirectToLogin empty without client 1`] = `null`;

exports[`RenderOrRedirectToLogin redirects to login with referrer if not logged in 1`] = `
<Navigate
  state={
    Object {
      "referrer": "/path",
    }
  }
  to="/login"
/>
`;
